College/NCAA/Divisions/Index/,https://github.com/ocrosby/soccer-data/raw/main/org/college/ncaa/divisions/index.json
College/NCAA/Divisions/D1/Conferences,https://github.com/ocrosby/soccer-data/raw/main/org/college/ncaa/divisions/d1/conferences.json
College/NCAA/Divisions/D2/Conferences,https://github.com/ocrosby/soccer-data/raw/main/org/college/ncaa/divisions/d2/conferences.json
College/NCAA/Divisions/D3/Conferences,https://github.com/ocrosby/soccer-data/raw/main/org/college/ncaa/divisions/d3/conferences.json
College/NJCAA/Conferences,https://github.com/ocrosby/soccer-data/raw/main/org/college/njcaa/conferences.json
College/Organizations,https://github.com/ocrosby/soccer-data/raw/main/org/college/organizations.json
Countries/Index,https://raw.githubusercontent.com/ocrosby/soccer-data/main/org/countries/index.json
Countries/US/Cities,https://raw.githubusercontent.com/ocrosby/soccer-data/main/org/countries/us/cities.json
Countries/US/States,https://raw.githubusercontent.com/ocrosby/soccer-data/main/org/countries/us/states.json
GA/Clubs,https://raw.githubusercontent.com/ocrosby/soccer-data/main/org/ga/clubs.json
GA/Conferences,https://raw.githubusercontent.com/ocrosby/soccer-data/main/org/ga/conferences.json
ECNL/Clubs,https://raw.githubusercontent.com/ocrosby/soccer-data/main/org/ecnl/clubs.json
ECNL/Conferences,https://raw.githubusercontent.com/ocrosby/soccer-data/main/org/ecnl/conferences.json
USYS/National League PRO/Teams,https://raw.githubusercontent.com/ocrosby/soccer-data/main/org/usys/nlpro_teams.json
USYS/Elite64/Clubs,https://raw.githubusercontent.com/ocrosby/soccer-data/main/org/usys/elite64/clubs.json
TDS/College/NCAA/D1/Conferences/Male,https://github.com/ocrosby/soccer-data/raw/main/org/tds/college/ncaa/d1/conferences/male.json
TDS/College/NCAA/D1/Conferences/Female,https://github.com/ocrosby/soccer-data/raw/main/org/tds/college/ncaa/d1/conferences/female.json
Club Translations,https://raw.githubusercontent.com/ocrosby/soccer-data/main/org/club_translations.json
Division Mapping,https://raw.githubusercontent.com/ocrosby/soccer-data/main/org/tds/division_mapping.json
Position Lookup,https://raw.githubusercontent.com/ocrosby/soccer-data/main/org/tds/position_mapping.json
Region Lookup,https://raw.githubusercontent.com/ocrosby/soccer-data/main/org/tds/region_mapping.json
State Lookup,https://raw.githubusercontent.com/ocrosby/soccer-data/main/org/tds/state_mapping.json